---
source: packages/qwik/src/optimizer/core/src/test.rs
expression: output
---
==INPUT==


import { component$, useOnVisibleTask$, useStore, useStyles$ } from '@builder.io/qwik';
import { thing } from './sibling';
import mongodb from 'mongodb';

export const Child = component$(() => {

    useStyles$('somestring');
    const state = useStore({
        count: 0
    });

    // Double count watch
    useOnVisibleTask$(() => {
        state.count = thing.doStuff() + import("./sibling");
    });

    return (
        <div onClick$={() => console.log(mongodb)}>
        </div>
    );
});


============================= test.tsx ==

import { componentQrl } from "@builder.io/qwik";
import { useStylesQrl } from "@builder.io/qwik";
import { inlinedQrl } from "@builder.io/qwik";
import { useOnVisibleTaskQrl } from "@builder.io/qwik";
import { useLexicalScope } from "@builder.io/qwik";
import { useStore } from '@builder.io/qwik';
import { thing } from './sibling';
import mongodb from 'mongodb';
export const Child = /*#__PURE__*/ componentQrl(inlinedQrl(()=>{
    useStylesQrl(inlinedQrl('somestring', "Child_component_useStyles_qBZTuFM0160"));
    const state = useStore({
        count: 0
    });
    // Double count watch
    useOnVisibleTaskQrl(inlinedQrl(()=>{
        const [state] = useLexicalScope();
        state.count = thing.doStuff() + import("./sibling");
    }, "Child_component_useOnVisibleTask_nZ6mF0oPCE0", [
        state
    ]));
    return <div onClick$={inlinedQrl(()=>console.log(mongodb), "Child_component_div_onClick_elliVSnAiOQ")}>

        </div>;
}, "Child_component_9GyF01GDKqw"));


Some("{\"version\":3,\"sources\":[\"/user/qwik/src/test.tsx\"],\"names\":[],\"mappings\":\"AACA;;;;;AAAA,SAAwC,QAAQ,QAAoB,mBAAmB;AACvF,SAAS,KAAK,QAAQ,YAAY;AAClC,OAAO,aAAa,UAAU;AAE9B,OAAO,MAAM,sBAAQ,wBAAW,IAAM;IAElC,wBAAW;IACX,MAAM,QAAQ,SAAS;QACnB,OAAO;IACX;IAEA,qBAAqB;IACrB,+BAAkB;;QACd,MAAM,KAAK,GAAG,MAAM,OAAO,KAAK,MAAM,CAAC;;;;IAG3C,QACK,IAAI,qBAAU,IAAM,QAAQ,GAAG,CAAC,sDAAU;;QAC3C,EAAE;AAEV,mCAAG\"}")
== DIAGNOSTICS ==

[]
